
> whichcharacter-frontend@0.0.0 build
> tsc && vite build

[36mvite v4.5.14 [32mbuilding for production...[36m[39m
transforming...
[32mΓ£ô[39m 25 modules transformed.
[32mΓ£ô built in 839ms[39m
node.exe : 
[31m[vite:css] 
[postcss] C:/Users/Amri
tanshu/OneDrive/Desktop
/Movie Match/frontend/s
rc/index.css:1:1: The 
`border-border` class 
does not exist. If 
`border-border` is a 
custom class, make 
sure it is defined 
within a `@layer` 
directive.[39m
At C:\Users\Amritanshu\
AppData\Roaming\npm\npm
.ps1:24 char:5
+     & "node$exe"  "$b
asedir/node_modules/npm
/bin/npm-cli.js" $args
+     ~~~~~~~~~~~~~~~~~
~~~~~~~~~~~~~~~~~~~~~~~
~~~~~~~~~~~~~~~~~~~~~~
    + CategoryInfo     
         : NotSpecifi  
  ed: ([31m[vite:cs   
 s]...directive.[3    
9m:String) [], Rem    
oteException
    + FullyQualifiedEr 
   rorId : NativeComm  
  andError
 
file: [36mC:/Users/Amr
itanshu/OneDrive/Deskto
p/Movie Match/frontend/
src/index.css:1:1[39m
[31merror during 
build:
CssSyntaxError: 
[postcss] C:/Users/Amri
tanshu/OneDrive/Desktop
/Movie Match/frontend/s
rc/index.css:1:1: The 
`border-border` class 
does not exist. If 
`border-border` is a 
custom class, make 
sure it is defined 
within a `@layer` 
directive.
    at Input.error (C:\
Users\Amritanshu\OneDri
ve\Desktop\Movie Match\
frontend\node_modules\p
ostcss\lib\input.js:135
:16)
    at AtRule.error (C:
\Users\Amritanshu\OneDr
ive\Desktop\Movie Match
\frontend\node_modules\
postcss\lib\node.js:146
:32)
    at processApply (C:
\Users\Amritanshu\OneDr
ive\Desktop\Movie Match
\frontend\node_modules\
tailwindcss\lib\lib\exp
andApplyAtRules.js:380:
29)
    at C:\Users\Amritan
shu\OneDrive\Desktop\Mo
vie Match\frontend\node
_modules\tailwindcss\li
b\lib\expandApplyAtRule
s.js:551:9
    at C:\Users\Amritan
shu\OneDrive\Desktop\Mo
vie Match\frontend\node
_modules\tailwindcss\li
b\processTailwindFeatur
es.js:55:50
    at async plugins (C
:\Users\Amritanshu\OneD
rive\Desktop\Movie Matc
h\frontend\node_modules
\tailwindcss\lib\plugin
.js:38:17)
    at async 
LazyResult.runAsync (C:
\Users\Amritanshu\OneDr
ive\Desktop\Movie Match
\frontend\node_modules\
postcss\lib\lazy-result
.js:293:11)
    at async 
compileCSS (file:///C:/
Users/Amritanshu/OneDri
ve/Desktop/Movie%20Matc
h/frontend/node_modules
/vite/dist/node/chunks/
dep-827b23df.js:38904:2
5)
    at async 
Object.transform (file:
///C:/Users/Amritanshu/
OneDrive/Desktop/Movie%
20Match/frontend/node_m
odules/vite/dist/node/c
hunks/dep-827b23df.js:3
8301:56)
    at async transform 
(file:///C:/Users/Amrit
anshu/OneDrive/Desktop/
Movie%20Match/frontend/
node_modules/rollup/dis
t/es/shared/node-entry.
js:24449:16)[39m
